[REQUEST] GET /api/admin/stats
[REQUEST] GET /api/admin/audit-logs
[REQUEST] GET /api/admin/devices
[REQUEST] GET /api/admin/system-config
[REQUEST] GET /api/admin/notifications/config
[REQUEST] GET /api/admin/legal-docs
[REQUEST] GET /api/admin/announcements
[REQUEST] POST /login
[REQUEST] POST /login
[REQUEST] GET /api/admin/stats
[REQUEST] GET /api/admin/stats
[REQUEST] GET /api/admin/stats
[REQUEST] GET /api/admin/stats
[REQUEST] GET /api/admin/stats
[REQUEST] GET /api/admin/audit-logs
[REQUEST] GET /api/admin/audit-logs/export
[REQUEST] GET /api/admin/devices
[REQUEST] GET /api/admin/inventory
[REQUEST] GET /api/admin/users
[REQUEST] GET /api/admin/stats
[REQUEST] GET /api/admin/stats
[REQUEST] GET /api/admin/audit-logs
[REQUEST] GET /api/admin/devices
[REQUEST] GET /api/admin/audit-logs
[REQUEST] GET /api/admin/devices
[REQUEST] GET /api/admin/inventory
[REQUEST] GET /api/admin/users
[REQUEST] GET /api/admin/audit-logs
[REQUEST] GET /api/admin/users
[REQUEST] POST /api/admin/users/2/lock
[REQUEST] GET /api/admin/users
[REQUEST] POST /login
[REQUEST] POST /api/admin/users/2/lock
[REQUEST] GET /api/admin/users
[REQUEST] POST /login
[REQUEST] POST /api/admin/users/2/lock
[REQUEST] GET /api/admin/users
[REQUEST] GET /api/admin/stats
[REQUEST] GET /api/admin/stats
[REQUEST] GET /api/admin/stats
[REQUEST] GET /api/admin/stats
[REQUEST] GET /api/admin/stats
[REQUEST] GET /api/admin/stats
[REQUEST] GET /api/admin/stats
[REQUEST] GET /api/admin/stats
[REQUEST] GET /api/admin/stats
[REQUEST] GET /api/admin/stats
[REQUEST] GET /api/admin/stats
[REQUEST] GET /api/admin/stats
[REQUEST] GET /api/admin/audit-logs
[REQUEST] GET /api/admin/audit-logs/export
[REQUEST] GET /api/admin/devices
[REQUEST] GET /api/admin/stats
[REQUEST] GET /api/admin/system-config
[REQUEST] GET /api/admin/notifications/config
[REQUEST] GET /api/admin/legal-docs
[REQUEST] GET /api/admin/announcements
[REQUEST] GET /api/admin/security
[REQUEST] GET /api/admin/system-config
[REQUEST] GET /api/admin/notifications/config
[REQUEST] GET /api/admin/legal-docs
[REQUEST] GET /api/admin/announcements
[REQUEST] GET /api/admin/users
[REQUEST] POST /api/auth/signup
[REQUEST] POST /login
[REQUEST] POST /login
[REQUEST] GET /api/admin/stats
[REQUEST] GET /api/admin/stats
[REQUEST] GET /api/admin/stats
[REQUEST] GET /api/admin/stats
[REQUEST] GET /api/admin/stats
[REQUEST] GET /api/admin/stats
[REQUEST] POST /login
[REQUEST] GET /api/admin/stats
[REQUEST] POST /login
[REQUEST] GET /api/admin/users
[REQUEST] POST /api/admin/users/2/lock
[REQUEST] GET /api/admin/users
[REQUEST] POST /login
[REQUEST] POST /login
[REQUEST] POST /login
[REQUEST] POST /login
[REQUEST] POST /login
[REQUEST] GET /api/admin/stats
[REQUEST] GET /api/admin/stats
[REQUEST] GET /api/admin/stats
[REQUEST] GET /api/admin/stats
[REQUEST] GET /api/admin/stats
[REQUEST] GET /api/admin/stats
[REQUEST] GET /api/admin/stats
[REQUEST] GET /api/admin/stats
[REQUEST] GET /api/admin/stats
[REQUEST] GET /api/admin/stats
[REQUEST] GET /api/admin/stats
[REQUEST] GET /api/admin/stats
[REQUEST] GET /?token=K9c5HQU4D7_n
[REQUEST] GET /?token=K9c5HQU4D7_n
[REQUEST] GET /api/admin/stats
[REQUEST] GET /api/admin/stats
[REQUEST] GET /api/admin/stats
[REQUEST] GET /api/admin/stats
[REQUEST] GET /api/admin/stats
[REQUEST] GET /api/admin/stats
[REQUEST] GET /api/admin/stats
[REQUEST] GET /api/admin/stats
[REQUEST] GET /api/admin/stats
[REQUEST] GET /api/admin/stats
[REQUEST] GET /api/admin/stats
[REQUEST] GET /api/admin/stats
[REQUEST] GET /api/admin/stats
[REQUEST] GET /api/admin/stats
[REQUEST] GET /api/admin/stats
[REQUEST] GET /api/admin/stats
[REQUEST] GET /api/admin/stats
[REQUEST] GET /api/admin/stats
[REQUEST] GET /api/admin/stats
[REQUEST] GET /api/admin/stats
[REQUEST] GET /api/admin/stats
[REQUEST] GET /api/admin/stats
[REQUEST] GET /api/admin/stats
[REQUEST] GET /api/admin/stats
[REQUEST] GET /api/admin/stats
[REQUEST] GET /api/admin/stats
[REQUEST] GET /api/admin/stats
[REQUEST] GET /api/admin/stats
[REQUEST] GET /api/admin/stats
[REQUEST] GET /api/admin/stats
[REQUEST] GET /api/admin/stats
[REQUEST] GET /api/admin/stats
[REQUEST] GET /api/admin/stats
[REQUEST] GET /api/admin/stats
[REQUEST] GET /api/admin/stats
[REQUEST] GET /api/admin/stats
[REQUEST] GET /api/admin/stats
[REQUEST] GET /api/admin/stats
[REQUEST] GET /api/admin/stats
[REQUEST] GET /api/admin/stats
[REQUEST] GET /api/admin/stats
[REQUEST] GET /api/admin/stats
[REQUEST] GET /api/admin/stats
[REQUEST] GET /api/admin/stats
[REQUEST] GET /api/admin/stats
[REQUEST] GET /api/admin/stats
[REQUEST] GET /api/admin/stats
[REQUEST] GET /api/admin/stats
[REQUEST] GET /api/admin/stats
[REQUEST] GET /api/admin/stats
[REQUEST] GET /api/admin/stats
[REQUEST] GET /api/admin/stats
[REQUEST] GET /api/admin/stats
[REQUEST] POST /login
[REQUEST] POST /login
[REQUEST] POST /login
[REQUEST] POST /login
[REQUEST] POST /api/caregiver/devices
[REQUEST] POST /api/caregiver/devices
[REQUEST] POST /api/caregiver/devices
[REQUEST] POST /api/caregiver/devices
[REQUEST] POST /login
[REQUEST] POST /api/caregiver/devices
[REQUEST] POST /api/caregiver/devices
[REQUEST] POST /api/caregiver/devices
[REQUEST] POST /api/caregiver/devices
[REQUEST] POST /api/caregiver/devices
[REQUEST] POST /api/caregiver/devices
[REQUEST] POST /api/caregiver/devices
[REQUEST] GET /api/caregiver/patients
[REQUEST] GET /api/caregiver/patients
[REQUEST] GET /api/caregiver/patients
[REQUEST] GET /api/caregiver/patients
[REQUEST] GET /api/caregiver/patients
[REQUEST] POST /api/caregiver/devices
[REQUEST] GET /api/caregiver/patients
[REQUEST] GET /api/caregiver/patients
[REQUEST] GET /api/caregiver/search?query=care
[REQUEST] GET /api/caregiver/devices/available
[REQUEST] GET /api/caregiver/search?query=caregiver
[REQUEST] GET /api/caregiver/search?query=caregiver@gmail.com
[REQUEST] GET /api/caregiver/search?query=caregiver@gmail.com
[REQUEST] GET /api/caregiver/patients
[REQUEST] POST /api/caregiver/devices
[REQUEST] GET /api/caregiver/patients
[REQUEST] GET /api/caregiver/patients
[REQUEST] POST /api/caregiver/devices
[REQUEST] GET /api/caregiver/patients
[REQUEST] GET /api/caregiver/patients
[REQUEST] POST /api/caregiver/devices
[REQUEST] GET /api/caregiver/patients
[REQUEST] GET /api/caregiver/devices/available
[REQUEST] GET /api/caregiver/patients
[REQUEST] GET /api/caregiver/search?query=caregiver
[REQUEST] GET /api/caregiver/search?query=caregiver@gmail.com
[REQUEST] POST /api/caregiver/patients
[REQUEST] GET /api/caregiver/patients
[REQUEST] GET /api/caregiver/patients
[REQUEST] GET /api/caregiver/patients
[REQUEST] GET /api/caregiver/devices/available
[REQUEST] GET /api/caregiver/patients
[REQUEST] GET /api/caregiver/search?query=caregiver
[REQUEST] GET /api/caregiver/search?query=caregiver@gmail.com
[REQUEST] POST /api/caregiver/patients
[REQUEST] GET /api/caregiver/patients
[REQUEST] GET /api/caregiver/patients
[REQUEST] GET /api/caregiver/patients
[REQUEST] GET /api/caregiver/patients
[REQUEST] GET /api/caregiver/patients
[REQUEST] POST /login
[REQUEST] GET /api/caregiver/patients
[REQUEST] GET /api/caregiver/patients
[REQUEST] POST /api/caregiver/devices
[REQUEST] GET /api/caregiver/patients
[REQUEST] GET /api/caregiver/patients
[REQUEST] GET /api/caregiver/devices/available
[REQUEST] GET /api/caregiver/search?query=caregiver
[REQUEST] GET /api/caregiver/search?query=caregiver@gmail.com
[REQUEST] POST /api/caregiver/patients
[REQUEST] GET /api/caregiver/patients
[REQUEST] GET /api/caregiver/devices/available
[REQUEST] GET /api/caregiver/patients
[REQUEST] GET /api/caregiver/search?query=caregiver
[REQUEST] GET /api/caregiver/search?query=caregiver@gmail.com
[REQUEST] POST /api/caregiver/patients
[REQUEST] GET /api/caregiver/patients
[REQUEST] GET /api/caregiver/patients
[REQUEST] GET /api/caregiver/patients
[REQUEST] GET /api/caregiver/patients
[REQUEST] GET /api/caregiver/patients
[REQUEST] GET /api/caregiver/devices/available
[REQUEST] GET /api/caregiver/patients
[REQUEST] GET /api/caregiver/patients
[REQUEST] GET /api/caregiver/patients
[REQUEST] GET /api/caregiver/patients
[REQUEST] GET /api/caregiver/devices/available
[REQUEST] GET /api/caregiver/patients
[REQUEST] GET /api/caregiver/patients
[REQUEST] GET /api/caregiver/patients
[REQUEST] GET /api/caregiver/devices/available
[REQUEST] GET /api/caregiver/patients
[REQUEST] GET /api/caregiver/patients
[REQUEST] GET /api/caregiver/patients
[REQUEST] GET /api/caregiver/patients
[REQUEST] GET /api/caregiver/patients
[REQUEST] GET /api/caregiver/devices/available
[REQUEST] GET /api/caregiver/patients
[REQUEST] GET /api/caregiver/patients
[REQUEST] GET /api/caregiver/patients
[REQUEST] GET /api/caregiver/patients
[REQUEST] GET /api/caregiver/patients
[REQUEST] GET /api/caregiver/devices/available
[REQUEST] GET /api/caregiver/patients
[REQUEST] GET /api/caregiver/patients
[REQUEST] GET /api/caregiver/patients
[REQUEST] GET /api/caregiver/patients
[REQUEST] GET /api/caregiver/patients
[REQUEST] GET /api/caregiver/patients
[REQUEST] GET /api/caregiver/patients
[REQUEST] GET /api/caregiver/patients
[REQUEST] GET /api/caregiver/devices/available
[REQUEST] GET /api/caregiver/patients
[REQUEST] GET /api/caregiver/patients
[REQUEST] GET /api/caregiver/patients
[REQUEST] GET /api/caregiver/patients
[REQUEST] GET /api/caregiver/patients
[REQUEST] GET /api/caregiver/patients
[REQUEST] GET /api/caregiver/patients
[REQUEST] GET /api/caregiver/patients
[REQUEST] GET /api/caregiver/patients
[REQUEST] GET /api/caregiver/patients
[REQUEST] GET /api/caregiver/patients
[REQUEST] GET /api/caregiver/patients
[REQUEST] GET /api/caregiver/patients
[REQUEST] GET /api/caregiver/patients
[REQUEST] POST /login
[REQUEST] GET /api/caregiver/patients
[REQUEST] GET /api/caregiver/patients
[REQUEST] GET /api/caregiver/patients
[REQUEST] GET /api/caregiver/patients
[REQUEST] GET /api/caregiver/patients
[REQUEST] GET /api/caregiver/patients
[REQUEST] GET /api/caregiver/devices/available
[REQUEST] GET /api/caregiver/patients
[REQUEST] GET /api/caregiver/patients
[REQUEST] GET /api/caregiver/patients
[REQUEST] GET /api/caregiver/patients
[REQUEST] GET /api/caregiver/patients
[REQUEST] GET /api/caregiver/patients
[REQUEST] GET /api/caregiver/patients
[REQUEST] GET /api/caregiver/patients
[REQUEST] GET /api/caregiver/patients
[REQUEST] GET /api/caregiver/patients
[REQUEST] GET /api/caregiver/devices/available
[REQUEST] GET /api/caregiver/patients
[REQUEST] GET /api/caregiver/patients
[REQUEST] GET /api/caregiver/patients
[REQUEST] GET /api/caregiver/patients
[REQUEST] GET /api/caregiver/patients
[REQUEST] GET /api/caregiver/patients
[REQUEST] GET /api/caregiver/patients
[REQUEST] GET /api/caregiver/devices/available
[REQUEST] GET /api/caregiver/patients
[REQUEST] GET /api/caregiver/patients
[REQUEST] GET /api/caregiver/patients
[REQUEST] GET /api/caregiver/patients
[REQUEST] GET /api/caregiver/patients
[REQUEST] GET /api/caregiver/patients
[REQUEST] GET /api/caregiver/patients
[REQUEST] GET /api/caregiver/patients
[REQUEST] GET /api/caregiver/patients
[REQUEST] GET /api/caregiver/patients
[REQUEST] GET /api/caregiver/patients
[REQUEST] GET /api/caregiver/patients
[REQUEST] GET /api/caregiver/patients
[REQUEST] GET /api/caregiver/patients
[REQUEST] GET /api/caregiver/patients
[REQUEST] GET /api/caregiver/patients
[REQUEST] GET /api/caregiver/patients
[REQUEST] GET /api/caregiver/devices/available
[REQUEST] GET /api/caregiver/patients
[REQUEST] GET /api/caregiver/patients
[REQUEST] GET /api/caregiver/devices/available
[REQUEST] GET /api/caregiver/patients
[REQUEST] GET /api/caregiver/patients
[REQUEST] GET /api/caregiver/patients
[REQUEST] GET /api/caregiver/patients
[REQUEST] GET /api/caregiver/devices/available
[REQUEST] GET /api/caregiver/patients
[REQUEST] GET /api/caregiver/patients
[REQUEST] GET /api/caregiver/devices/available
[REQUEST] GET /api/caregiver/patients
[REQUEST] GET /api/caregiver/patients
[REQUEST] GET /api/caregiver/devices/available
[REQUEST] GET /api/caregiver/patients
[REQUEST] GET /api/caregiver/patients
[REQUEST] GET /api/caregiver/patients
[REQUEST] GET /api/caregiver/patients
[REQUEST] GET /api/caregiver/patients
[REQUEST] POST /api/auth/signup
[REQUEST] POST /login
[REQUEST] GET /api/caregiver/patients
[REQUEST] GET /api/caregiver/patients
[REQUEST] GET /api/caregiver/devices/available
[REQUEST] GET /api/caregiver/patients
[REQUEST] POST /login
[REQUEST] GET /api/caregiver/patients
[REQUEST] GET /api/caregiver/patients
[REQUEST] GET /api/caregiver/devices/available
[REQUEST] GET /api/caregiver/patients
[REQUEST] POST /login
[REQUEST] GET /api/caregiver/patients
[REQUEST] GET /api/caregiver/patients
[REQUEST] GET /api/caregiver/devices/available
[REQUEST] POST /login
[REQUEST] GET /api/caregiver/patients
[REQUEST] GET /api/caregiver/patients
[REQUEST] GET /api/caregiver/patients
[REQUEST] GET /api/caregiver/patients
[REQUEST] GET /api/caregiver/patients
[REQUEST] GET /api/caregiver/patients
[REQUEST] GET /api/caregiver/patients
[REQUEST] GET /api/caregiver/patients
[REQUEST] GET /api/caregiver/devices/available
[REQUEST] GET /api/caregiver/patients
[REQUEST] GET /api/caregiver/devices/available
[REQUEST] GET /api/caregiver/patients
[REQUEST] GET /api/caregiver/patients
[REQUEST] GET /api/caregiver/patients
[REQUEST] GET /api/caregiver/devices/available
[REQUEST] GET /api/caregiver/patients
[REQUEST] GET /api/caregiver/patients
[REQUEST] GET /api/caregiver/patients
[REQUEST] GET /api/caregiver/patients
[REQUEST] GET /api/caregiver/devices/available
[REQUEST] GET /api/caregiver/patients
[REQUEST] POST /api/caregiver/devices
[REQUEST] GET /api/caregiver/patients
[REQUEST] GET /api/caregiver/devices/available
[REQUEST] GET /api/caregiver/patients
[REQUEST] GET /api/caregiver/patients
[REQUEST] GET /api/caregiver/patients
[REQUEST] GET /api/caregiver/patients
[REQUEST] GET /api/caregiver/devices/available
[REQUEST] GET /api/caregiver/patients
[REQUEST] POST /api/caregiver/devices
[REQUEST] GET /api/caregiver/patients
[REQUEST] POST /login
[REQUEST] GET /api/caregiver/patients
[REQUEST] GET /api/caregiver/patients
[REQUEST] GET /api/caregiver/devices/available
[REQUEST] GET /api/caregiver/patients
[REQUEST] GET /api/caregiver/search?query=anne
[REQUEST] GET /api/caregiver/search?query=caregiveranneboleyn@gmail.com
[REQUEST] GET /api/caregiver/search?query=caregiveranneboleyn@gmail.com
[REQUEST] POST /api/caregiver/patients
[REQUEST] GET /api/caregiver/patients
[REQUEST] POST /login
[REQUEST] GET /api/caregiver/patients
[REQUEST] GET /api/caregiver/patients
[REQUEST] GET /api/caregiver/devices/available
[REQUEST] GET /api/caregiver/patients
[REQUEST] GET /api/caregiver/patients
[REQUEST] GET /api/caregiver/devices/available
[REQUEST] GET /api/caregiver/patients
[REQUEST] GET /api/caregiver/patients
[REQUEST] GET /api/caregiver/patients
[REQUEST] GET /api/caregiver/patients
[REQUEST] GET /api/caregiver/patients
[REQUEST] GET /api/caregiver/patients
[REQUEST] GET /api/caregiver/patients
[REQUEST] GET /api/caregiver/patients
[REQUEST] GET /api/caregiver/patients
[REQUEST] GET /api/caregiver/patients
[REQUEST] GET /api/caregiver/patients
[REQUEST] GET /api/caregiver/patients
[REQUEST] GET /api/caregiver/patients
[REQUEST] GET /api/caregiver/patients
[REQUEST] GET /api/caregiver/patients
[REQUEST] GET /api/caregiver/patients
[REQUEST] GET /api/caregiver/patients
[REQUEST] GET /api/caregiver/devices/available
[REQUEST] GET /api/caregiver/patients
[REQUEST] GET /api/caregiver/patients
[REQUEST] GET /api/caregiver/patients
[REQUEST] GET /api/caregiver/patients
[REQUEST] GET /api/caregiver/patients
[REQUEST] GET /api/caregiver/patients
[REQUEST] GET /api/caregiver/patients
[REQUEST] GET /api/caregiver/patients
[REQUEST] GET /api/caregiver/patients
[REQUEST] GET /api/caregiver/devices/available
[REQUEST] GET /api/caregiver/patients
[REQUEST] GET /api/caregiver/patients
[REQUEST] GET /api/assignments/my-assignments
[REQUEST] GET /api/caregiver/patients
[REQUEST] GET /api/caregiver/patients
[REQUEST] GET /api/caregiver/devices/available
[REQUEST] GET /api/caregiver/patients
[REQUEST] GET /api/caregiver/devices/available
[REQUEST] GET /api/caregiver/patients
[REQUEST] GET /api/caregiver/patients
[REQUEST] GET /api/caregiver/devices/available
[REQUEST] GET /api/caregiver/patients
[REQUEST] GET /api/caregiver/patients
[REQUEST] GET /api/caregiver/patients
[REQUEST] GET /api/assignments/my-assignments
[REQUEST] GET /api/caregiver/patients
[REQUEST] GET /api/caregiver/patients
[REQUEST] GET /api/caregiver/patients
[REQUEST] GET /api/caregiver/patients
[REQUEST] GET /api/caregiver/patients
[REQUEST] GET /api/caregiver/patients
[REQUEST] GET /api/caregiver/patients
[REQUEST] GET /api/caregiver/patients
[REQUEST] GET /api/caregiver/patients
[REQUEST] GET /api/caregiver/patients
[REQUEST] GET /api/assignments/my-assignments
[REQUEST] GET /api/caregiver/patients
[REQUEST] GET /api/caregiver/patients
[REQUEST] GET /api/assignments/my-assignments
[REQUEST] GET /api/caregiver/patients
[REQUEST] GET /api/caregiver/patients
[REQUEST] GET /api/caregiver/patients
[REQUEST] GET /api/caregiver/devices/available
[REQUEST] GET /api/caregiver/patients
[REQUEST] GET /api/caregiver/patients
[REQUEST] GET /api/assignments/my-assignments
[REQUEST] GET /api/caregiver/patients
[REQUEST] GET /api/caregiver/patients
[REQUEST] GET /api/caregiver/patients
[REQUEST] GET /api/caregiver/patients
[REQUEST] GET /api/caregiver/patients
[REQUEST] GET /api/caregiver/devices/available
[REQUEST] GET /api/caregiver/patients
[REQUEST] GET /api/caregiver/patients
[REQUEST] GET /api/assignments/my-assignments
[REQUEST] GET /api/caregiver/devices/available
[REQUEST] GET /api/caregiver/patients
[REQUEST] GET /api/caregiver/patients
[REQUEST] GET /api/caregiver/patients
[REQUEST] GET /api/caregiver/devices/available
[REQUEST] GET /api/caregiver/patients
[REQUEST] GET /api/assignments/my-assignments
[REQUEST] GET /api/caregiver/patients
[REQUEST] GET /api/caregiver/patients
[REQUEST] GET /api/assignments/my-assignments
[REQUEST] GET /api/caregiver/patients
[REQUEST] GET /api/caregiver/devices/available
[REQUEST] GET /api/caregiver/devices/available
[REQUEST] GET /api/assignments/my-assignments
[REQUEST] GET /api/caregiver/devices/available
[REQUEST] GET /api/caregiver/patients
[REQUEST] GET /api/caregiver/patients
[REQUEST] GET /api/assignments/my-assignments
[REQUEST] GET /api/caregiver/patients
[REQUEST] GET /api/caregiver/devices/available
[REQUEST] GET /api/caregiver/patients
[REQUEST] GET /api/caregiver/patients
[REQUEST] GET /api/caregiver/patients
[REQUEST] GET /api/caregiver/patients
[REQUEST] GET /api/assignments/my-assignments
[REQUEST] GET /api/caregiver/devices/available
[REQUEST] GET /api/caregiver/devices/available
[REQUEST] GET /api/caregiver/patients
[REQUEST] GET /api/caregiver/patients
[REQUEST] GET /api/caregiver/patients
[REQUEST] GET /api/caregiver/devices/available
[REQUEST] GET /api/caregiver/patients
[REQUEST] GET /api/caregiver/patients
[REQUEST] GET /api/assignments/my-assignments
[REQUEST] GET /api/caregiver/patients
[REQUEST] GET /api/caregiver/patients
[REQUEST] GET /api/caregiver/patients
[REQUEST] GET /api/caregiver/patients
[REQUEST] GET /api/assignments/my-assignments
[REQUEST] GET /api/caregiver/devices/available
[REQUEST] GET /api/caregiver/devices/available
[REQUEST] GET /api/caregiver/devices/available
[REQUEST] GET /api/caregiver/devices/available
[REQUEST] GET /api/caregiver/devices/available
[REQUEST] GET /api/caregiver/devices/available
[REQUEST] GET /api/assignments/my-assignments
[REQUEST] GET /api/caregiver/patients
[REQUEST] GET /api/caregiver/patients
[REQUEST] GET /api/caregiver/patients
[REQUEST] GET /api/assignments/my-assignments
[REQUEST] GET /api/caregiver/patients
[REQUEST] GET /api/caregiver/patients
[REQUEST] GET /api/caregiver/patients
[REQUEST] GET /api/assignments/my-assignments
[REQUEST] GET /api/caregiver/devices/available
[REQUEST] GET /api/caregiver/devices/available
[REQUEST] GET /api/assignments/my-assignments
[REQUEST] GET /api/caregiver/patients
[REQUEST] GET /api/caregiver/devices/available
[REQUEST] GET /api/caregiver/patients
[REQUEST] GET /api/caregiver/patients
[REQUEST] GET /api/caregiver/patients
[REQUEST] GET /api/caregiver/devices/available
[REQUEST] GET /api/caregiver/patients
[REQUEST] GET /api/caregiver/patients
[REQUEST] GET /api/assignments/my-assignments
[REQUEST] GET /api/caregiver/patients
[REQUEST] GET /api/caregiver/patients
[REQUEST] GET /api/caregiver/patients
[REQUEST] GET /api/assignments/my-assignments
[REQUEST] GET /api/caregiver/devices/available
